###################
#                 #
#    H            #
#      H          #
#    H H          #
#                 #
#               ..#
# H  H          ..#
#          o    ..#
#                 #
###################
